// Jest Snapshot v1, https://goo.gl/fbAQLP

exports[`renders a colored list of cards with heading and title 1`] = `
<RCTScrollView
  bodyColor="aliceblue"
  data={
    Array [
      Object {
        "description": "Description 1",
        "title": "Heading 1",
      },
      Object {
        "description": "Description 2",
        "title": "Heading 2",
      },
      Object {
        "description": "Description 3",
        "title": "Heading 3",
      },
    ]
  }
  disableVirtualization={false}
  getItem={[Function]}
  getItemCount={[Function]}
  headerColor="aquamarine"
  horizontal={false}
  initialNumToRender={10}
  keyExtractor={[Function]}
  maxToRenderPerBatch={10}
  numColumns={1}
  onContentSizeChange={[Function]}
  onEndReachedThreshold={2}
  onLayout={[Function]}
  onMomentumScrollEnd={[Function]}
  onScroll={[Function]}
  onScrollBeginDrag={[Function]}
  onScrollEndDrag={[Function]}
  removeClippedSubviews={false}
  renderItem={[Function]}
  scrollEventThrottle={50}
  stickyHeaderIndices={Array []}
  updateCellsBatchingPeriod={50}
  viewabilityConfigCallbackPairs={Array []}
  windowSize={21}
>
  <View>
    <View
      onLayout={[Function]}
      style={null}
    >
      <View
        style={
          Array [
            Object {
              "flex": 1,
              "flexDirection": "column",
              "overflow": "hidden",
              "width": "100%",
            },
            Object {
              "borderColor": "aquamarine",
              "borderWidth": 1,
            },
          ]
        }
      >
        <View
          accessible={true}
          isTVSelectable={true}
          onResponderGrant={[Function]}
          onResponderMove={[Function]}
          onResponderRelease={[Function]}
          onResponderTerminate={[Function]}
          onResponderTerminationRequest={[Function]}
          onStartShouldSetResponder={[Function]}
          style={
            Object {
              "alignItems": "center",
              "backgroundColor": "aquamarine",
              "flexDirection": "row",
              "justifyContent": "center",
              "opacity": 1,
              "overflow": "hidden",
              "paddingHorizontal": 10,
              "paddingVertical": 5,
            }
          }
        >
          <Text
            style={
              Array [
                Object {
                  "color": "rgba(33, 33, 33, 0.87)",
                  "fontSize": 16,
                  "fontWeight": "bold",
                  "textAlign": "left",
                },
                Object {
                  "flex": 1,
                },
              ]
            }
          >
            Heading 1
          </Text>
          <Text
            allowFontScaling={false}
            style={
              Array [
                Object {
                  "color": "rgba(33, 33, 33, 0.5)",
                  "fontSize": 20,
                },
                undefined,
                Object {
                  "fontFamily": "Ionicons",
                  "fontStyle": "normal",
                  "fontWeight": "normal",
                },
                Object {},
              ]
            }
          >
            
          </Text>
        </View>
      </View>
    </View>
    <View
      onLayout={[Function]}
      style={null}
    >
      <View
        style={
          Array [
            Object {
              "flex": 1,
              "flexDirection": "column",
              "overflow": "hidden",
              "width": "100%",
            },
            Object {
              "borderColor": "aquamarine",
              "borderWidth": 1,
            },
          ]
        }
      >
        <View
          accessible={true}
          isTVSelectable={true}
          onResponderGrant={[Function]}
          onResponderMove={[Function]}
          onResponderRelease={[Function]}
          onResponderTerminate={[Function]}
          onResponderTerminationRequest={[Function]}
          onStartShouldSetResponder={[Function]}
          style={
            Object {
              "alignItems": "center",
              "backgroundColor": "aquamarine",
              "flexDirection": "row",
              "justifyContent": "center",
              "opacity": 1,
              "overflow": "hidden",
              "paddingHorizontal": 10,
              "paddingVertical": 5,
            }
          }
        >
          <Text
            style={
              Array [
                Object {
                  "color": "rgba(33, 33, 33, 0.87)",
                  "fontSize": 16,
                  "fontWeight": "bold",
                  "textAlign": "left",
                },
                Object {
                  "flex": 1,
                },
              ]
            }
          >
            Heading 2
          </Text>
          <Text
            allowFontScaling={false}
            style={
              Array [
                Object {
                  "color": "rgba(33, 33, 33, 0.5)",
                  "fontSize": 20,
                },
                undefined,
                Object {
                  "fontFamily": "Ionicons",
                  "fontStyle": "normal",
                  "fontWeight": "normal",
                },
                Object {},
              ]
            }
          >
            
          </Text>
        </View>
      </View>
    </View>
    <View
      onLayout={[Function]}
      style={null}
    >
      <View
        style={
          Array [
            Object {
              "flex": 1,
              "flexDirection": "column",
              "overflow": "hidden",
              "width": "100%",
            },
            Object {
              "borderColor": "aquamarine",
              "borderWidth": 1,
            },
          ]
        }
      >
        <View
          accessible={true}
          isTVSelectable={true}
          onResponderGrant={[Function]}
          onResponderMove={[Function]}
          onResponderRelease={[Function]}
          onResponderTerminate={[Function]}
          onResponderTerminationRequest={[Function]}
          onStartShouldSetResponder={[Function]}
          style={
            Object {
              "alignItems": "center",
              "backgroundColor": "aquamarine",
              "flexDirection": "row",
              "justifyContent": "center",
              "opacity": 1,
              "overflow": "hidden",
              "paddingHorizontal": 10,
              "paddingVertical": 5,
            }
          }
        >
          <Text
            style={
              Array [
                Object {
                  "color": "rgba(33, 33, 33, 0.87)",
                  "fontSize": 16,
                  "fontWeight": "bold",
                  "textAlign": "left",
                },
                Object {
                  "flex": 1,
                },
              ]
            }
          >
            Heading 3
          </Text>
          <Text
            allowFontScaling={false}
            style={
              Array [
                Object {
                  "color": "rgba(33, 33, 33, 0.5)",
                  "fontSize": 20,
                },
                undefined,
                Object {
                  "fontFamily": "Ionicons",
                  "fontStyle": "normal",
                  "fontWeight": "normal",
                },
                Object {},
              ]
            }
          >
            
          </Text>
        </View>
      </View>
    </View>
  </View>
</RCTScrollView>
`;

exports[`renders a colored list of cards with heading, title and custom expand/collapse icons 1`] = `
<RCTScrollView
  bodyColor="aliceblue"
  data={
    Array [
      Object {
        "description": "Description 1",
        "title": "Heading 1",
      },
      Object {
        "description": "Description 2",
        "title": "Heading 2",
      },
      Object {
        "description": "Description 3",
        "title": "Heading 3",
      },
    ]
  }
  disableVirtualization={false}
  expandedIcon="remove"
  getItem={[Function]}
  getItemCount={[Function]}
  headerColor="aquamarine"
  horizontal={false}
  icon="add"
  initialNumToRender={10}
  keyExtractor={[Function]}
  maxToRenderPerBatch={10}
  numColumns={1}
  onContentSizeChange={[Function]}
  onEndReachedThreshold={2}
  onLayout={[Function]}
  onMomentumScrollEnd={[Function]}
  onScroll={[Function]}
  onScrollBeginDrag={[Function]}
  onScrollEndDrag={[Function]}
  removeClippedSubviews={false}
  renderItem={[Function]}
  scrollEventThrottle={50}
  stickyHeaderIndices={Array []}
  updateCellsBatchingPeriod={50}
  viewabilityConfigCallbackPairs={Array []}
  windowSize={21}
>
  <View>
    <View
      onLayout={[Function]}
      style={null}
    >
      <View
        style={
          Array [
            Object {
              "flex": 1,
              "flexDirection": "column",
              "overflow": "hidden",
              "width": "100%",
            },
            Object {
              "borderColor": "aquamarine",
              "borderWidth": 1,
            },
          ]
        }
      >
        <View
          accessible={true}
          isTVSelectable={true}
          onResponderGrant={[Function]}
          onResponderMove={[Function]}
          onResponderRelease={[Function]}
          onResponderTerminate={[Function]}
          onResponderTerminationRequest={[Function]}
          onStartShouldSetResponder={[Function]}
          style={
            Object {
              "alignItems": "center",
              "backgroundColor": "aquamarine",
              "flexDirection": "row",
              "justifyContent": "center",
              "opacity": 1,
              "overflow": "hidden",
              "paddingHorizontal": 10,
              "paddingVertical": 5,
            }
          }
        >
          <Text
            style={
              Array [
                Object {
                  "color": "rgba(33, 33, 33, 0.87)",
                  "fontSize": 16,
                  "fontWeight": "bold",
                  "textAlign": "left",
                },
                Object {
                  "flex": 1,
                },
              ]
            }
          >
            Heading 1
          </Text>
          <Text
            allowFontScaling={false}
            style={
              Array [
                Object {
                  "color": "rgba(33, 33, 33, 0.5)",
                  "fontSize": 20,
                },
                undefined,
                Object {
                  "fontFamily": "Ionicons",
                  "fontStyle": "normal",
                  "fontWeight": "normal",
                },
                Object {},
              ]
            }
          >
            
          </Text>
        </View>
      </View>
    </View>
    <View
      onLayout={[Function]}
      style={null}
    >
      <View
        style={
          Array [
            Object {
              "flex": 1,
              "flexDirection": "column",
              "overflow": "hidden",
              "width": "100%",
            },
            Object {
              "borderColor": "aquamarine",
              "borderWidth": 1,
            },
          ]
        }
      >
        <View
          accessible={true}
          isTVSelectable={true}
          onResponderGrant={[Function]}
          onResponderMove={[Function]}
          onResponderRelease={[Function]}
          onResponderTerminate={[Function]}
          onResponderTerminationRequest={[Function]}
          onStartShouldSetResponder={[Function]}
          style={
            Object {
              "alignItems": "center",
              "backgroundColor": "aquamarine",
              "flexDirection": "row",
              "justifyContent": "center",
              "opacity": 1,
              "overflow": "hidden",
              "paddingHorizontal": 10,
              "paddingVertical": 5,
            }
          }
        >
          <Text
            style={
              Array [
                Object {
                  "color": "rgba(33, 33, 33, 0.87)",
                  "fontSize": 16,
                  "fontWeight": "bold",
                  "textAlign": "left",
                },
                Object {
                  "flex": 1,
                },
              ]
            }
          >
            Heading 2
          </Text>
          <Text
            allowFontScaling={false}
            style={
              Array [
                Object {
                  "color": "rgba(33, 33, 33, 0.5)",
                  "fontSize": 20,
                },
                undefined,
                Object {
                  "fontFamily": "Ionicons",
                  "fontStyle": "normal",
                  "fontWeight": "normal",
                },
                Object {},
              ]
            }
          >
            
          </Text>
        </View>
      </View>
    </View>
    <View
      onLayout={[Function]}
      style={null}
    >
      <View
        style={
          Array [
            Object {
              "flex": 1,
              "flexDirection": "column",
              "overflow": "hidden",
              "width": "100%",
            },
            Object {
              "borderColor": "aquamarine",
              "borderWidth": 1,
            },
          ]
        }
      >
        <View
          accessible={true}
          isTVSelectable={true}
          onResponderGrant={[Function]}
          onResponderMove={[Function]}
          onResponderRelease={[Function]}
          onResponderTerminate={[Function]}
          onResponderTerminationRequest={[Function]}
          onStartShouldSetResponder={[Function]}
          style={
            Object {
              "alignItems": "center",
              "backgroundColor": "aquamarine",
              "flexDirection": "row",
              "justifyContent": "center",
              "opacity": 1,
              "overflow": "hidden",
              "paddingHorizontal": 10,
              "paddingVertical": 5,
            }
          }
        >
          <Text
            style={
              Array [
                Object {
                  "color": "rgba(33, 33, 33, 0.87)",
                  "fontSize": 16,
                  "fontWeight": "bold",
                  "textAlign": "left",
                },
                Object {
                  "flex": 1,
                },
              ]
            }
          >
            Heading 3
          </Text>
          <Text
            allowFontScaling={false}
            style={
              Array [
                Object {
                  "color": "rgba(33, 33, 33, 0.5)",
                  "fontSize": 20,
                },
                undefined,
                Object {
                  "fontFamily": "Ionicons",
                  "fontStyle": "normal",
                  "fontWeight": "normal",
                },
                Object {},
              ]
            }
          >
            
          </Text>
        </View>
      </View>
    </View>
  </View>
</RCTScrollView>
`;

exports[`renders an accordion with heading and title 1`] = `
<RCTScrollView
  data={
    Array [
      Object {
        "description": "Description 1",
        "title": "Heading 1",
      },
      Object {
        "description": "Description 2",
        "title": "Heading 2",
      },
      Object {
        "description": "Description 3",
        "title": "Heading 3",
      },
    ]
  }
  disableVirtualization={false}
  getItem={[Function]}
  getItemCount={[Function]}
  horizontal={false}
  initialNumToRender={10}
  keyExtractor={[Function]}
  maxToRenderPerBatch={10}
  numColumns={1}
  onContentSizeChange={[Function]}
  onEndReachedThreshold={2}
  onLayout={[Function]}
  onMomentumScrollEnd={[Function]}
  onScroll={[Function]}
  onScrollBeginDrag={[Function]}
  onScrollEndDrag={[Function]}
  removeClippedSubviews={false}
  renderItem={[Function]}
  scrollEventThrottle={50}
  stickyHeaderIndices={Array []}
  updateCellsBatchingPeriod={50}
  viewabilityConfigCallbackPairs={Array []}
  windowSize={21}
>
  <View>
    <View
      onLayout={[Function]}
      style={null}
    >
      <View
        style={
          Array [
            Object {
              "flex": 1,
              "flexDirection": "column",
              "overflow": "hidden",
              "width": "100%",
            },
            Object {
              "borderColor": "rgba(33, 33, 33, 0.4)",
              "borderWidth": 1,
            },
          ]
        }
      >
        <View
          accessible={true}
          isTVSelectable={true}
          onResponderGrant={[Function]}
          onResponderMove={[Function]}
          onResponderRelease={[Function]}
          onResponderTerminate={[Function]}
          onResponderTerminationRequest={[Function]}
          onStartShouldSetResponder={[Function]}
          style={
            Object {
              "alignItems": "center",
              "backgroundColor": "rgba(33, 33, 33, 0.4)",
              "flexDirection": "row",
              "justifyContent": "center",
              "opacity": 1,
              "overflow": "hidden",
              "paddingHorizontal": 10,
              "paddingVertical": 5,
            }
          }
        >
          <Text
            style={
              Array [
                Object {
                  "color": "rgba(33, 33, 33, 0.87)",
                  "fontSize": 16,
                  "fontWeight": "bold",
                  "textAlign": "left",
                },
                Object {
                  "flex": 1,
                },
              ]
            }
          >
            Heading 1
          </Text>
          <Text
            allowFontScaling={false}
            style={
              Array [
                Object {
                  "color": "rgba(33, 33, 33, 0.5)",
                  "fontSize": 20,
                },
                undefined,
                Object {
                  "fontFamily": "Ionicons",
                  "fontStyle": "normal",
                  "fontWeight": "normal",
                },
                Object {},
              ]
            }
          >
            
          </Text>
        </View>
      </View>
    </View>
    <View
      onLayout={[Function]}
      style={null}
    >
      <View
        style={
          Array [
            Object {
              "flex": 1,
              "flexDirection": "column",
              "overflow": "hidden",
              "width": "100%",
            },
            Object {
              "borderColor": "rgba(33, 33, 33, 0.4)",
              "borderWidth": 1,
            },
          ]
        }
      >
        <View
          accessible={true}
          isTVSelectable={true}
          onResponderGrant={[Function]}
          onResponderMove={[Function]}
          onResponderRelease={[Function]}
          onResponderTerminate={[Function]}
          onResponderTerminationRequest={[Function]}
          onStartShouldSetResponder={[Function]}
          style={
            Object {
              "alignItems": "center",
              "backgroundColor": "rgba(33, 33, 33, 0.4)",
              "flexDirection": "row",
              "justifyContent": "center",
              "opacity": 1,
              "overflow": "hidden",
              "paddingHorizontal": 10,
              "paddingVertical": 5,
            }
          }
        >
          <Text
            style={
              Array [
                Object {
                  "color": "rgba(33, 33, 33, 0.87)",
                  "fontSize": 16,
                  "fontWeight": "bold",
                  "textAlign": "left",
                },
                Object {
                  "flex": 1,
                },
              ]
            }
          >
            Heading 2
          </Text>
          <Text
            allowFontScaling={false}
            style={
              Array [
                Object {
                  "color": "rgba(33, 33, 33, 0.5)",
                  "fontSize": 20,
                },
                undefined,
                Object {
                  "fontFamily": "Ionicons",
                  "fontStyle": "normal",
                  "fontWeight": "normal",
                },
                Object {},
              ]
            }
          >
            
          </Text>
        </View>
      </View>
    </View>
    <View
      onLayout={[Function]}
      style={null}
    >
      <View
        style={
          Array [
            Object {
              "flex": 1,
              "flexDirection": "column",
              "overflow": "hidden",
              "width": "100%",
            },
            Object {
              "borderColor": "rgba(33, 33, 33, 0.4)",
              "borderWidth": 1,
            },
          ]
        }
      >
        <View
          accessible={true}
          isTVSelectable={true}
          onResponderGrant={[Function]}
          onResponderMove={[Function]}
          onResponderRelease={[Function]}
          onResponderTerminate={[Function]}
          onResponderTerminationRequest={[Function]}
          onStartShouldSetResponder={[Function]}
          style={
            Object {
              "alignItems": "center",
              "backgroundColor": "rgba(33, 33, 33, 0.4)",
              "flexDirection": "row",
              "justifyContent": "center",
              "opacity": 1,
              "overflow": "hidden",
              "paddingHorizontal": 10,
              "paddingVertical": 5,
            }
          }
        >
          <Text
            style={
              Array [
                Object {
                  "color": "rgba(33, 33, 33, 0.87)",
                  "fontSize": 16,
                  "fontWeight": "bold",
                  "textAlign": "left",
                },
                Object {
                  "flex": 1,
                },
              ]
            }
          >
            Heading 3
          </Text>
          <Text
            allowFontScaling={false}
            style={
              Array [
                Object {
                  "color": "rgba(33, 33, 33, 0.5)",
                  "fontSize": 20,
                },
                undefined,
                Object {
                  "fontFamily": "Ionicons",
                  "fontStyle": "normal",
                  "fontWeight": "normal",
                },
                Object {},
              ]
            }
          >
            
          </Text>
        </View>
      </View>
    </View>
  </View>
</RCTScrollView>
`;

exports[`renders an accordion with heading and title by a user defined renderItem method 1`] = `
<RCTScrollView
  data={
    Array [
      Object {
        "description": "Description 1",
        "title": "Heading 1",
      },
      Object {
        "description": "Description 2",
        "title": "Heading 2",
      },
      Object {
        "description": "Description 3",
        "title": "Heading 3",
      },
    ]
  }
  disableVirtualization={false}
  getItem={[Function]}
  getItemCount={[Function]}
  horizontal={false}
  initialNumToRender={10}
  keyExtractor={[Function]}
  maxToRenderPerBatch={10}
  numColumns={1}
  onContentSizeChange={[Function]}
  onEndReachedThreshold={2}
  onLayout={[Function]}
  onMomentumScrollEnd={[Function]}
  onScroll={[Function]}
  onScrollBeginDrag={[Function]}
  onScrollEndDrag={[Function]}
  removeClippedSubviews={false}
  renderItem={[Function]}
  scrollEventThrottle={50}
  stickyHeaderIndices={Array []}
  updateCellsBatchingPeriod={50}
  viewabilityConfigCallbackPairs={Array []}
  windowSize={21}
>
  <View>
    <View
      onLayout={[Function]}
      style={null}
    >
      <View
        style={
          Array [
            Object {
              "flex": 1,
              "flexDirection": "column",
              "overflow": "hidden",
              "width": "100%",
            },
            Object {
              "borderColor": "rgba(33, 33, 33, 0.4)",
              "borderWidth": 1,
            },
            Object {
              "borderRadius": 5,
            },
          ]
        }
      >
        <View
          accessible={true}
          isTVSelectable={true}
          onResponderGrant={[Function]}
          onResponderMove={[Function]}
          onResponderRelease={[Function]}
          onResponderTerminate={[Function]}
          onResponderTerminationRequest={[Function]}
          onStartShouldSetResponder={[Function]}
          style={
            Object {
              "alignItems": "center",
              "backgroundColor": "rgba(33, 33, 33, 0.4)",
              "flexDirection": "row",
              "justifyContent": "center",
              "opacity": 1,
              "overflow": "hidden",
              "paddingHorizontal": 10,
              "paddingVertical": 5,
            }
          }
        >
          <Text
            style={
              Array [
                Object {
                  "color": "rgba(33, 33, 33, 0.87)",
                  "fontSize": 16,
                  "fontWeight": "bold",
                  "textAlign": "left",
                },
                Object {
                  "flex": 1,
                },
              ]
            }
          >
            Heading 1
          </Text>
          <Text
            allowFontScaling={false}
            style={
              Array [
                Object {
                  "color": "rgba(33, 33, 33, 0.5)",
                  "fontSize": 20,
                },
                undefined,
                Object {
                  "fontFamily": "Ionicons",
                  "fontStyle": "normal",
                  "fontWeight": "normal",
                },
                Object {},
              ]
            }
          >
            
          </Text>
        </View>
      </View>
    </View>
    <View
      onLayout={[Function]}
      style={null}
    >
      <View
        style={
          Array [
            Object {
              "flex": 1,
              "flexDirection": "column",
              "overflow": "hidden",
              "width": "100%",
            },
            Object {
              "borderColor": "rgba(33, 33, 33, 0.4)",
              "borderWidth": 1,
            },
            Object {
              "borderRadius": 5,
            },
          ]
        }
      >
        <View
          accessible={true}
          isTVSelectable={true}
          onResponderGrant={[Function]}
          onResponderMove={[Function]}
          onResponderRelease={[Function]}
          onResponderTerminate={[Function]}
          onResponderTerminationRequest={[Function]}
          onStartShouldSetResponder={[Function]}
          style={
            Object {
              "alignItems": "center",
              "backgroundColor": "rgba(33, 33, 33, 0.4)",
              "flexDirection": "row",
              "justifyContent": "center",
              "opacity": 1,
              "overflow": "hidden",
              "paddingHorizontal": 10,
              "paddingVertical": 5,
            }
          }
        >
          <Text
            style={
              Array [
                Object {
                  "color": "rgba(33, 33, 33, 0.87)",
                  "fontSize": 16,
                  "fontWeight": "bold",
                  "textAlign": "left",
                },
                Object {
                  "flex": 1,
                },
              ]
            }
          >
            Heading 2
          </Text>
          <Text
            allowFontScaling={false}
            style={
              Array [
                Object {
                  "color": "rgba(33, 33, 33, 0.5)",
                  "fontSize": 20,
                },
                undefined,
                Object {
                  "fontFamily": "Ionicons",
                  "fontStyle": "normal",
                  "fontWeight": "normal",
                },
                Object {},
              ]
            }
          >
            
          </Text>
        </View>
      </View>
    </View>
    <View
      onLayout={[Function]}
      style={null}
    >
      <View
        style={
          Array [
            Object {
              "flex": 1,
              "flexDirection": "column",
              "overflow": "hidden",
              "width": "100%",
            },
            Object {
              "borderColor": "rgba(33, 33, 33, 0.4)",
              "borderWidth": 1,
            },
            Object {
              "borderRadius": 5,
            },
          ]
        }
      >
        <View
          accessible={true}
          isTVSelectable={true}
          onResponderGrant={[Function]}
          onResponderMove={[Function]}
          onResponderRelease={[Function]}
          onResponderTerminate={[Function]}
          onResponderTerminationRequest={[Function]}
          onStartShouldSetResponder={[Function]}
          style={
            Object {
              "alignItems": "center",
              "backgroundColor": "rgba(33, 33, 33, 0.4)",
              "flexDirection": "row",
              "justifyContent": "center",
              "opacity": 1,
              "overflow": "hidden",
              "paddingHorizontal": 10,
              "paddingVertical": 5,
            }
          }
        >
          <Text
            style={
              Array [
                Object {
                  "color": "rgba(33, 33, 33, 0.87)",
                  "fontSize": 16,
                  "fontWeight": "bold",
                  "textAlign": "left",
                },
                Object {
                  "flex": 1,
                },
              ]
            }
          >
            Heading 3
          </Text>
          <Text
            allowFontScaling={false}
            style={
              Array [
                Object {
                  "color": "rgba(33, 33, 33, 0.5)",
                  "fontSize": 20,
                },
                undefined,
                Object {
                  "fontFamily": "Ionicons",
                  "fontStyle": "normal",
                  "fontWeight": "normal",
                },
                Object {},
              ]
            }
          >
            
          </Text>
        </View>
      </View>
    </View>
  </View>
</RCTScrollView>
`;

exports[`renders an accordion with heading, title and custom expand/collapse icons 1`] = `
<RCTScrollView
  data={
    Array [
      Object {
        "description": "Description 1",
        "title": "Heading 1",
      },
      Object {
        "description": "Description 2",
        "title": "Heading 2",
      },
      Object {
        "description": "Description 3",
        "title": "Heading 3",
      },
    ]
  }
  disableVirtualization={false}
  expandedIcon="remove"
  getItem={[Function]}
  getItemCount={[Function]}
  horizontal={false}
  icon="add"
  initialNumToRender={10}
  keyExtractor={[Function]}
  maxToRenderPerBatch={10}
  numColumns={1}
  onContentSizeChange={[Function]}
  onEndReachedThreshold={2}
  onLayout={[Function]}
  onMomentumScrollEnd={[Function]}
  onScroll={[Function]}
  onScrollBeginDrag={[Function]}
  onScrollEndDrag={[Function]}
  removeClippedSubviews={false}
  renderItem={[Function]}
  scrollEventThrottle={50}
  stickyHeaderIndices={Array []}
  updateCellsBatchingPeriod={50}
  viewabilityConfigCallbackPairs={Array []}
  windowSize={21}
>
  <View>
    <View
      onLayout={[Function]}
      style={null}
    >
      <View
        style={
          Array [
            Object {
              "flex": 1,
              "flexDirection": "column",
              "overflow": "hidden",
              "width": "100%",
            },
            Object {
              "borderColor": "rgba(33, 33, 33, 0.4)",
              "borderWidth": 1,
            },
          ]
        }
      >
        <View
          accessible={true}
          isTVSelectable={true}
          onResponderGrant={[Function]}
          onResponderMove={[Function]}
          onResponderRelease={[Function]}
          onResponderTerminate={[Function]}
          onResponderTerminationRequest={[Function]}
          onStartShouldSetResponder={[Function]}
          style={
            Object {
              "alignItems": "center",
              "backgroundColor": "rgba(33, 33, 33, 0.4)",
              "flexDirection": "row",
              "justifyContent": "center",
              "opacity": 1,
              "overflow": "hidden",
              "paddingHorizontal": 10,
              "paddingVertical": 5,
            }
          }
        >
          <Text
            style={
              Array [
                Object {
                  "color": "rgba(33, 33, 33, 0.87)",
                  "fontSize": 16,
                  "fontWeight": "bold",
                  "textAlign": "left",
                },
                Object {
                  "flex": 1,
                },
              ]
            }
          >
            Heading 1
          </Text>
          <Text
            allowFontScaling={false}
            style={
              Array [
                Object {
                  "color": "rgba(33, 33, 33, 0.5)",
                  "fontSize": 20,
                },
                undefined,
                Object {
                  "fontFamily": "Ionicons",
                  "fontStyle": "normal",
                  "fontWeight": "normal",
                },
                Object {},
              ]
            }
          >
            
          </Text>
        </View>
      </View>
    </View>
    <View
      onLayout={[Function]}
      style={null}
    >
      <View
        style={
          Array [
            Object {
              "flex": 1,
              "flexDirection": "column",
              "overflow": "hidden",
              "width": "100%",
            },
            Object {
              "borderColor": "rgba(33, 33, 33, 0.4)",
              "borderWidth": 1,
            },
          ]
        }
      >
        <View
          accessible={true}
          isTVSelectable={true}
          onResponderGrant={[Function]}
          onResponderMove={[Function]}
          onResponderRelease={[Function]}
          onResponderTerminate={[Function]}
          onResponderTerminationRequest={[Function]}
          onStartShouldSetResponder={[Function]}
          style={
            Object {
              "alignItems": "center",
              "backgroundColor": "rgba(33, 33, 33, 0.4)",
              "flexDirection": "row",
              "justifyContent": "center",
              "opacity": 1,
              "overflow": "hidden",
              "paddingHorizontal": 10,
              "paddingVertical": 5,
            }
          }
        >
          <Text
            style={
              Array [
                Object {
                  "color": "rgba(33, 33, 33, 0.87)",
                  "fontSize": 16,
                  "fontWeight": "bold",
                  "textAlign": "left",
                },
                Object {
                  "flex": 1,
                },
              ]
            }
          >
            Heading 2
          </Text>
          <Text
            allowFontScaling={false}
            style={
              Array [
                Object {
                  "color": "rgba(33, 33, 33, 0.5)",
                  "fontSize": 20,
                },
                undefined,
                Object {
                  "fontFamily": "Ionicons",
                  "fontStyle": "normal",
                  "fontWeight": "normal",
                },
                Object {},
              ]
            }
          >
            
          </Text>
        </View>
      </View>
    </View>
    <View
      onLayout={[Function]}
      style={null}
    >
      <View
        style={
          Array [
            Object {
              "flex": 1,
              "flexDirection": "column",
              "overflow": "hidden",
              "width": "100%",
            },
            Object {
              "borderColor": "rgba(33, 33, 33, 0.4)",
              "borderWidth": 1,
            },
          ]
        }
      >
        <View
          accessible={true}
          isTVSelectable={true}
          onResponderGrant={[Function]}
          onResponderMove={[Function]}
          onResponderRelease={[Function]}
          onResponderTerminate={[Function]}
          onResponderTerminationRequest={[Function]}
          onStartShouldSetResponder={[Function]}
          style={
            Object {
              "alignItems": "center",
              "backgroundColor": "rgba(33, 33, 33, 0.4)",
              "flexDirection": "row",
              "justifyContent": "center",
              "opacity": 1,
              "overflow": "hidden",
              "paddingHorizontal": 10,
              "paddingVertical": 5,
            }
          }
        >
          <Text
            style={
              Array [
                Object {
                  "color": "rgba(33, 33, 33, 0.87)",
                  "fontSize": 16,
                  "fontWeight": "bold",
                  "textAlign": "left",
                },
                Object {
                  "flex": 1,
                },
              ]
            }
          >
            Heading 3
          </Text>
          <Text
            allowFontScaling={false}
            style={
              Array [
                Object {
                  "color": "rgba(33, 33, 33, 0.5)",
                  "fontSize": 20,
                },
                undefined,
                Object {
                  "fontFamily": "Ionicons",
                  "fontStyle": "normal",
                  "fontWeight": "normal",
                },
                Object {},
              ]
            }
          >
            
          </Text>
        </View>
      </View>
    </View>
  </View>
</RCTScrollView>
`;
