// Jest Snapshot v1, https://goo.gl/fbAQLP

exports[`renders a form with all input types 1`] = `
<View
  style={
    Object {
      "flex": 1,
      "width": "100%",
    }
  }
>
  <View
    style={
      Object {
        "marginTop": 10,
      }
    }
  >
    <View
      style={
        Object {
          "width": "100%",
        }
      }
    >
      <Text
        style={
          Array [
            Object {
              "color": "rgba(33, 33, 33, 0.87)",
              "fontSize": 15,
              "fontWeight": "normal",
              "textAlign": "left",
            },
          ]
        }
      >
        Full Name
      </Text>
      <View
        style={
          Object {
            "borderColor": "rgba(33, 33, 33, 0.5)",
            "borderRadius": 10,
            "borderWidth": 0.9,
            "height": 45,
            "marginVertical": 10,
            "paddingHorizontal": 5,
            "width": "100%",
          }
        }
      >
        <TextInput
          allowFontScaling={true}
          onBlur={[Function]}
          onChangeText={[Function]}
          onFocus={[Function]}
          onSubmitEditing={[Function]}
          placeholder="John Doe"
          placeholderTextColor="rgba(33, 33, 33, 0.5)"
          rejectResponderTermination={true}
          style={
            Object {
              "width": "100%",
            }
          }
          underlineColorAndroid="transparent"
        />
      </View>
    </View>
  </View>
  <View
    style={
      Object {
        "marginTop": 10,
      }
    }
  >
    <View
      style={
        Object {
          "width": "100%",
        }
      }
    >
      <Text
        style={
          Array [
            Object {
              "color": "rgba(33, 33, 33, 0.87)",
              "fontSize": 15,
              "fontWeight": "normal",
              "textAlign": "left",
            },
          ]
        }
      >
        Type
      </Text>
      <View
        style={
          Object {
            "borderColor": "rgba(33, 33, 33, 0.5)",
            "borderRadius": 10,
            "borderWidth": 0.9,
            "marginVertical": 10,
            "paddingHorizontal": 5,
            "width": "100%",
          }
        }
      >
        <Picker
          mode="dropdown"
          onValueChange={[Function]}
          style={
            Object {
              "height": 45,
            }
          }
        >
          <Item
            label="1"
            value="1"
          />
          <Item
            label="2"
            value="2"
          />
          <Item
            label="3"
            value="3"
          />
        </Picker>
      </View>
    </View>
  </View>
  <View
    style={
      Object {
        "marginTop": 10,
      }
    }
  >
    <View
      style={
        Object {
          "width": "100%",
        }
      }
    >
      <Text
        style={
          Array [
            Object {
              "color": "rgba(33, 33, 33, 0.87)",
              "fontSize": 15,
              "fontWeight": "normal",
              "textAlign": "left",
            },
          ]
        }
      >
        Date
      </Text>
      <View
        style={
          Object {
            "alignItems": "center",
            "borderColor": "rgba(33, 33, 33, 0.5)",
            "borderRadius": 10,
            "borderWidth": 0.9,
            "flexDirection": "row",
            "height": 45,
            "justifyContent": "center",
            "marginVertical": 10,
            "paddingHorizontal": 10,
            "width": "100%",
          }
        }
      >
        <Text
          onPress={[Function]}
          style={
            Array [
              Object {
                "color": "#000",
                "fontSize": 16,
                "fontWeight": "normal",
                "textAlign": "left",
              },
              Object {
                "color": "rgba(33, 33, 33, 0.5)",
                "flex": 1,
              },
            ]
          }
        >
          Select Date
        </Text>
        <Text
          allowFontScaling={false}
          onPress={[Function]}
          style={
            Array [
              Object {
                "color": "rgba(33, 33, 33, 0.5)",
                "fontSize": 20,
              },
              Object {
                "paddingRight": 15,
              },
              Object {
                "fontFamily": "Ionicons",
                "fontStyle": "normal",
                "fontWeight": "normal",
              },
              Object {},
            ]
          }
        >
          ïŠ«
        </Text>
      </View>
    </View>
  </View>
  <View
    style={
      Object {
        "marginTop": 10,
      }
    }
  >
    <View
      style={
        Object {
          "width": "100%",
        }
      }
    >
      <Text
        style={
          Array [
            Object {
              "color": "rgba(33, 33, 33, 0.87)",
              "fontSize": 15,
              "fontWeight": "normal",
              "textAlign": "left",
            },
          ]
        }
      >
        Address
      </Text>
      <View
        style={
          Object {
            "borderColor": "rgba(33, 33, 33, 0.5)",
            "borderRadius": 10,
            "borderWidth": 0.9,
            "marginVertical": 10,
            "paddingHorizontal": 5,
            "width": "100%",
          }
        }
      >
        <TextInput
          allowFontScaling={true}
          multiline={true}
          onBlur={[Function]}
          onContentSizeChange={[Function]}
          onFocus={[Function]}
          rejectResponderTermination={true}
          style={
            Object {
              "height": 100,
              "textAlignVertical": "top",
              "width": "100%",
            }
          }
          underlineColorAndroid="transparent"
        />
      </View>
    </View>
  </View>
</View>
`;

exports[`renders a form with input types text 1`] = `
<View
  style={
    Object {
      "flex": 1,
      "width": "100%",
    }
  }
>
  <View
    style={
      Object {
        "marginTop": 10,
      }
    }
  >
    <View
      style={
        Object {
          "width": "100%",
        }
      }
    >
      <Text
        style={
          Array [
            Object {
              "color": "rgba(33, 33, 33, 0.87)",
              "fontSize": 15,
              "fontWeight": "normal",
              "textAlign": "left",
            },
          ]
        }
      >
        Full Name
      </Text>
      <View
        style={
          Object {
            "borderColor": "rgba(33, 33, 33, 0.5)",
            "borderRadius": 10,
            "borderWidth": 0.9,
            "height": 45,
            "marginVertical": 10,
            "paddingHorizontal": 5,
            "width": "100%",
          }
        }
      >
        <TextInput
          allowFontScaling={true}
          onBlur={[Function]}
          onChangeText={[Function]}
          onFocus={[Function]}
          onSubmitEditing={[Function]}
          placeholder="John Doe"
          placeholderTextColor="rgba(33, 33, 33, 0.5)"
          rejectResponderTermination={true}
          style={
            Object {
              "width": "100%",
            }
          }
          underlineColorAndroid="transparent"
        />
      </View>
    </View>
  </View>
</View>
`;

exports[`renders a form with input types, text and textarea 1`] = `
<View
  style={
    Object {
      "flex": 1,
      "width": "100%",
    }
  }
>
  <View
    style={
      Object {
        "marginTop": 10,
      }
    }
  >
    <View
      style={
        Object {
          "width": "100%",
        }
      }
    >
      <Text
        style={
          Array [
            Object {
              "color": "rgba(33, 33, 33, 0.87)",
              "fontSize": 15,
              "fontWeight": "normal",
              "textAlign": "left",
            },
          ]
        }
      >
        Full Name
      </Text>
      <View
        style={
          Object {
            "borderColor": "rgba(33, 33, 33, 0.5)",
            "borderRadius": 10,
            "borderWidth": 0.9,
            "height": 45,
            "marginVertical": 10,
            "paddingHorizontal": 5,
            "width": "100%",
          }
        }
      >
        <TextInput
          allowFontScaling={true}
          onBlur={[Function]}
          onChangeText={[Function]}
          onFocus={[Function]}
          onSubmitEditing={[Function]}
          placeholder="John Doe"
          placeholderTextColor="rgba(33, 33, 33, 0.5)"
          rejectResponderTermination={true}
          style={
            Object {
              "width": "100%",
            }
          }
          underlineColorAndroid="transparent"
        />
      </View>
    </View>
  </View>
  <View
    style={
      Object {
        "marginTop": 10,
      }
    }
  >
    <View
      style={
        Object {
          "width": "100%",
        }
      }
    >
      <Text
        style={
          Array [
            Object {
              "color": "rgba(33, 33, 33, 0.87)",
              "fontSize": 15,
              "fontWeight": "normal",
              "textAlign": "left",
            },
          ]
        }
      >
        Address
      </Text>
      <View
        style={
          Object {
            "borderColor": "rgba(33, 33, 33, 0.5)",
            "borderRadius": 10,
            "borderWidth": 0.9,
            "marginVertical": 10,
            "paddingHorizontal": 5,
            "width": "100%",
          }
        }
      >
        <TextInput
          allowFontScaling={true}
          multiline={true}
          onBlur={[Function]}
          onContentSizeChange={[Function]}
          onFocus={[Function]}
          rejectResponderTermination={true}
          style={
            Object {
              "height": 100,
              "textAlignVertical": "top",
              "width": "100%",
            }
          }
          underlineColorAndroid="transparent"
        />
      </View>
    </View>
  </View>
</View>
`;

exports[`renders a form with input types, text, textarea and picker 1`] = `
<View
  style={
    Object {
      "flex": 1,
      "width": "100%",
    }
  }
>
  <View
    style={
      Object {
        "marginTop": 10,
      }
    }
  >
    <View
      style={
        Object {
          "width": "100%",
        }
      }
    >
      <Text
        style={
          Array [
            Object {
              "color": "rgba(33, 33, 33, 0.87)",
              "fontSize": 15,
              "fontWeight": "normal",
              "textAlign": "left",
            },
          ]
        }
      >
        Full Name
      </Text>
      <View
        style={
          Object {
            "borderColor": "rgba(33, 33, 33, 0.5)",
            "borderRadius": 10,
            "borderWidth": 0.9,
            "height": 45,
            "marginVertical": 10,
            "paddingHorizontal": 5,
            "width": "100%",
          }
        }
      >
        <TextInput
          allowFontScaling={true}
          onBlur={[Function]}
          onChangeText={[Function]}
          onFocus={[Function]}
          onSubmitEditing={[Function]}
          placeholder="John Doe"
          placeholderTextColor="rgba(33, 33, 33, 0.5)"
          rejectResponderTermination={true}
          style={
            Object {
              "width": "100%",
            }
          }
          underlineColorAndroid="transparent"
        />
      </View>
    </View>
  </View>
  <View
    style={
      Object {
        "marginTop": 10,
      }
    }
  >
    <View
      style={
        Object {
          "width": "100%",
        }
      }
    >
      <Text
        style={
          Array [
            Object {
              "color": "rgba(33, 33, 33, 0.87)",
              "fontSize": 15,
              "fontWeight": "normal",
              "textAlign": "left",
            },
          ]
        }
      >
        Type
      </Text>
      <View
        style={
          Object {
            "borderColor": "rgba(33, 33, 33, 0.5)",
            "borderRadius": 10,
            "borderWidth": 0.9,
            "marginVertical": 10,
            "paddingHorizontal": 5,
            "width": "100%",
          }
        }
      >
        <Picker
          mode="dropdown"
          onValueChange={[Function]}
          style={
            Object {
              "height": 45,
            }
          }
        >
          <Item
            label="1"
            value="1"
          />
          <Item
            label="2"
            value="2"
          />
          <Item
            label="3"
            value="3"
          />
        </Picker>
      </View>
    </View>
  </View>
  <View
    style={
      Object {
        "marginTop": 10,
      }
    }
  >
    <View
      style={
        Object {
          "width": "100%",
        }
      }
    >
      <Text
        style={
          Array [
            Object {
              "color": "rgba(33, 33, 33, 0.87)",
              "fontSize": 15,
              "fontWeight": "normal",
              "textAlign": "left",
            },
          ]
        }
      >
        Address
      </Text>
      <View
        style={
          Object {
            "borderColor": "rgba(33, 33, 33, 0.5)",
            "borderRadius": 10,
            "borderWidth": 0.9,
            "marginVertical": 10,
            "paddingHorizontal": 5,
            "width": "100%",
          }
        }
      >
        <TextInput
          allowFontScaling={true}
          multiline={true}
          onBlur={[Function]}
          onContentSizeChange={[Function]}
          onFocus={[Function]}
          rejectResponderTermination={true}
          style={
            Object {
              "height": 100,
              "textAlignVertical": "top",
              "width": "100%",
            }
          }
          underlineColorAndroid="transparent"
        />
      </View>
    </View>
  </View>
</View>
`;
